MPLINK 4.37, Linker
Linker Map File - Created Mon Oct 29 22:15:27 2018

                                 Section Info
                  Section       Type    Address   Location Size(Bytes)
                ---------  ---------  ---------  ---------  ---------
                   .org_0       code   0x000000    program   0x000000
                   .org_1       code   0x000000    program   0x000002
                   .org_2       code   0x000004    program   0x0000aa
.config_2007_TIMER1SAYICI.O       code   0x002007    program   0x000002



                              Program Memory Usage 
                               Start         End      
                           ---------   ---------      
                            0x000000    0x000000      
                            0x000004    0x000058      
                            0x002007    0x002007      
            87 out of 8453 program addresses used, program memory utilization is 1%



                              Symbols - Sorted by Name
                     Name    Address   Location    Storage File                     
                ---------  ---------  ---------  --------- ---------                
                    ARTIR   0x00003f    program     static C:\Users\ramaz\OneDrive\Masaüstü\Mikroislemci Projeler\Timer1Sayici_hafta2\timer1sayici.asm
                    AZALT   0x000047    program     static C:\Users\ramaz\OneDrive\Masaüstü\Mikroislemci Projeler\Timer1Sayici_hafta2\timer1sayici.asm
                   AZALT2   0x000051    program     static C:\Users\ramaz\OneDrive\Masaüstü\Mikroislemci Projeler\Timer1Sayici_hafta2\timer1sayici.asm
                    BITIR   0x00000f    program     static C:\Users\ramaz\OneDrive\Masaüstü\Mikroislemci Projeler\Timer1Sayici_hafta2\timer1sayici.asm
                   DONGU1   0x000053    program     static C:\Users\ramaz\OneDrive\Masaüstü\Mikroislemci Projeler\Timer1Sayici_hafta2\timer1sayici.asm
                   DONGU2   0x000056    program     static C:\Users\ramaz\OneDrive\Masaüstü\Mikroislemci Projeler\Timer1Sayici_hafta2\timer1sayici.asm
                    KESME   0x000004    program     static C:\Users\ramaz\OneDrive\Masaüstü\Mikroislemci Projeler\Timer1Sayici_hafta2\timer1sayici.asm
               KESMEBEKLE   0x00003a    program     static C:\Users\ramaz\OneDrive\Masaüstü\Mikroislemci Projeler\Timer1Sayici_hafta2\timer1sayici.asm
               anaprogram   0x000017    program     static C:\Users\ramaz\OneDrive\Masaüstü\Mikroislemci Projeler\Timer1Sayici_hafta2\timer1sayici.asm



                              Symbols - Sorted by Address
                     Name    Address   Location    Storage File                     
                ---------  ---------  ---------  --------- ---------                
                    KESME   0x000004    program     static C:\Users\ramaz\OneDrive\Masaüstü\Mikroislemci Projeler\Timer1Sayici_hafta2\timer1sayici.asm
                    BITIR   0x00000f    program     static C:\Users\ramaz\OneDrive\Masaüstü\Mikroislemci Projeler\Timer1Sayici_hafta2\timer1sayici.asm
               anaprogram   0x000017    program     static C:\Users\ramaz\OneDrive\Masaüstü\Mikroislemci Projeler\Timer1Sayici_hafta2\timer1sayici.asm
               KESMEBEKLE   0x00003a    program     static C:\Users\ramaz\OneDrive\Masaüstü\Mikroislemci Projeler\Timer1Sayici_hafta2\timer1sayici.asm
                    ARTIR   0x00003f    program     static C:\Users\ramaz\OneDrive\Masaüstü\Mikroislemci Projeler\Timer1Sayici_hafta2\timer1sayici.asm
                    AZALT   0x000047    program     static C:\Users\ramaz\OneDrive\Masaüstü\Mikroislemci Projeler\Timer1Sayici_hafta2\timer1sayici.asm
                   AZALT2   0x000051    program     static C:\Users\ramaz\OneDrive\Masaüstü\Mikroislemci Projeler\Timer1Sayici_hafta2\timer1sayici.asm
                   DONGU1   0x000053    program     static C:\Users\ramaz\OneDrive\Masaüstü\Mikroislemci Projeler\Timer1Sayici_hafta2\timer1sayici.asm
                   DONGU2   0x000056    program     static C:\Users\ramaz\OneDrive\Masaüstü\Mikroislemci Projeler\Timer1Sayici_hafta2\timer1sayici.asm


