MPLINK 4.37, Linker
Linker Map File - Created Tue Oct 23 09:49:48 2018

                                 Section Info
                  Section       Type    Address   Location Size(Bytes)
                ---------  ---------  ---------  ---------  ---------
                   .org_0       code   0x000000    program   0x000000
                   .org_1       code   0x000000    program   0x000002
                   .org_2       code   0x000004    program   0x000066
  .config_2007_CARPMA16.O       code   0x002007    program   0x000002



                              Program Memory Usage 
                               Start         End      
                           ---------   ---------      
                            0x000000    0x000000      
                            0x000004    0x000036      
                            0x002007    0x002007      
            53 out of 8453 program addresses used, program memory utilization is 0%



                              Symbols - Sorted by Name
                     Name    Address   Location    Storage File                     
                ---------  ---------  ---------  --------- ---------                
                    DONGU   0x000034    program     static C:\Users\ramaz\OneDrive\Masaüstü\Mikroislemci Projeler\16bitlikcarpma\carpma16.asm
                  HÝGHYAK   0x000031    program     static C:\Users\ramaz\OneDrive\Masaüstü\Mikroislemci Projeler\16bitlikcarpma\carpma16.asm
                   LOWYAK   0x00002e    program     static C:\Users\ramaz\OneDrive\Masaüstü\Mikroislemci Projeler\16bitlikcarpma\carpma16.asm
                      SEC   0x00002b    program     static C:\Users\ramaz\OneDrive\Masaüstü\Mikroislemci Projeler\16bitlikcarpma\carpma16.asm
                 SONTASMA   0x000023    program     static C:\Users\ramaz\OneDrive\Masaüstü\Mikroislemci Projeler\16bitlikcarpma\carpma16.asm
                    TASMA   0x00001e    program     static C:\Users\ramaz\OneDrive\Masaüstü\Mikroislemci Projeler\16bitlikcarpma\carpma16.asm
                  TOPLAMA   0x000019    program     static C:\Users\ramaz\OneDrive\Masaüstü\Mikroislemci Projeler\16bitlikcarpma\carpma16.asm
                   YAZDIR   0x000027    program     static C:\Users\ramaz\OneDrive\Masaüstü\Mikroislemci Projeler\16bitlikcarpma\carpma16.asm
               anaprogram   0x000005    program     static C:\Users\ramaz\OneDrive\Masaüstü\Mikroislemci Projeler\16bitlikcarpma\carpma16.asm
                    kesme   0x000004    program     static C:\Users\ramaz\OneDrive\Masaüstü\Mikroislemci Projeler\16bitlikcarpma\carpma16.asm



                              Symbols - Sorted by Address
                     Name    Address   Location    Storage File                     
                ---------  ---------  ---------  --------- ---------                
                    kesme   0x000004    program     static C:\Users\ramaz\OneDrive\Masaüstü\Mikroislemci Projeler\16bitlikcarpma\carpma16.asm
               anaprogram   0x000005    program     static C:\Users\ramaz\OneDrive\Masaüstü\Mikroislemci Projeler\16bitlikcarpma\carpma16.asm
                  TOPLAMA   0x000019    program     static C:\Users\ramaz\OneDrive\Masaüstü\Mikroislemci Projeler\16bitlikcarpma\carpma16.asm
                    TASMA   0x00001e    program     static C:\Users\ramaz\OneDrive\Masaüstü\Mikroislemci Projeler\16bitlikcarpma\carpma16.asm
                 SONTASMA   0x000023    program     static C:\Users\ramaz\OneDrive\Masaüstü\Mikroislemci Projeler\16bitlikcarpma\carpma16.asm
                   YAZDIR   0x000027    program     static C:\Users\ramaz\OneDrive\Masaüstü\Mikroislemci Projeler\16bitlikcarpma\carpma16.asm
                      SEC   0x00002b    program     static C:\Users\ramaz\OneDrive\Masaüstü\Mikroislemci Projeler\16bitlikcarpma\carpma16.asm
                   LOWYAK   0x00002e    program     static C:\Users\ramaz\OneDrive\Masaüstü\Mikroislemci Projeler\16bitlikcarpma\carpma16.asm
                  HÝGHYAK   0x000031    program     static C:\Users\ramaz\OneDrive\Masaüstü\Mikroislemci Projeler\16bitlikcarpma\carpma16.asm
                    DONGU   0x000034    program     static C:\Users\ramaz\OneDrive\Masaüstü\Mikroislemci Projeler\16bitlikcarpma\carpma16.asm


