MPLINK 4.37, Linker
Linker Map File - Created Sun Oct 21 15:31:14 2018

                                 Section Info
                  Section       Type    Address   Location Size(Bytes)
                ---------  ---------  ---------  ---------  ---------
                   .org_0       code   0x000000    program   0x000000
                   .org_1       code   0x000000    program   0x000002
                   .org_2       code   0x000004    program   0x000026



                              Program Memory Usage 
                               Start         End      
                           ---------   ---------      
                            0x000000    0x000000      
                            0x000004    0x000016      
            20 out of 8453 program addresses used, program memory utilization is 0%



                              Symbols - Sorted by Name
                     Name    Address   Location    Storage File                     
                ---------  ---------  ---------  --------- ---------                
                     LOOP   0x00000b    program     static C:\Users\ramaz\OneDrive\Masaüstü\Mikroislemci Projeler\ModAlma\modalma.asm
                      TUT   0x000010    program     static C:\Users\ramaz\OneDrive\Masaüstü\Mikroislemci Projeler\ModAlma\modalma.asm
                   YAZDIR   0x000013    program     static C:\Users\ramaz\OneDrive\Masaüstü\Mikroislemci Projeler\ModAlma\modalma.asm
               anaprogram   0x000005    program     static C:\Users\ramaz\OneDrive\Masaüstü\Mikroislemci Projeler\ModAlma\modalma.asm
                    kesme   0x000004    program     static C:\Users\ramaz\OneDrive\Masaüstü\Mikroislemci Projeler\ModAlma\modalma.asm



                              Symbols - Sorted by Address
                     Name    Address   Location    Storage File                     
                ---------  ---------  ---------  --------- ---------                
                    kesme   0x000004    program     static C:\Users\ramaz\OneDrive\Masaüstü\Mikroislemci Projeler\ModAlma\modalma.asm
               anaprogram   0x000005    program     static C:\Users\ramaz\OneDrive\Masaüstü\Mikroislemci Projeler\ModAlma\modalma.asm
                     LOOP   0x00000b    program     static C:\Users\ramaz\OneDrive\Masaüstü\Mikroislemci Projeler\ModAlma\modalma.asm
                      TUT   0x000010    program     static C:\Users\ramaz\OneDrive\Masaüstü\Mikroislemci Projeler\ModAlma\modalma.asm
                   YAZDIR   0x000013    program     static C:\Users\ramaz\OneDrive\Masaüstü\Mikroislemci Projeler\ModAlma\modalma.asm


