MPLINK 4.48, Linker
Linker Map File - Created Sun Jan 20 16:26:59 2019

                                 Section Info
                  Section       Type    Address   Location Size(Bytes)
                ---------  ---------  ---------  ---------  ---------
                   .org_0       code   0x000000    program   0x0000cc
                   .cinit    romdata   0x000066    program   0x000004
  .config_2007_UNTITLED.O       code   0x002007    program   0x000002



                              Program Memory Usage 
                               Start         End      
                           ---------   ---------      
                            0x000000    0x000067      
                            0x002007    0x002007      
            105 out of 8454 program addresses used, program memory utilization is 1%



                              Symbols - Sorted by Name
                     Name    Address   Location    Storage File                     
                ---------  ---------  ---------  --------- ---------                
                     AYAR   0x000001    program     static C:\Users\Ferhat\Desktop\örnekler\LCD\Untitled.asm
                    BUYUK   0x000046    program     static C:\Users\Ferhat\Desktop\örnekler\LCD\Untitled.asm
                     ESIT   0x000038    program     static C:\Users\Ferhat\Desktop\örnekler\LCD\Untitled.asm
                   GECIK1   0x00005f    program     static C:\Users\Ferhat\Desktop\örnekler\LCD\Untitled.asm
                  GECIKME   0x00005d    program     static C:\Users\Ferhat\Desktop\örnekler\LCD\Untitled.asm
              KARAKTERYAZ   0x000055    program     static C:\Users\Ferhat\Desktop\örnekler\LCD\Untitled.asm
                 KOMUTYAZ   0x00004d    program     static C:\Users\Ferhat\Desktop\örnekler\LCD\Untitled.asm
                  KONTROL   0x000017    program     static C:\Users\Ferhat\Desktop\örnekler\LCD\Untitled.asm
                    KUCUK   0x00003f    program     static C:\Users\Ferhat\Desktop\örnekler\LCD\Untitled.asm
             _.org_0_001D   0x00001d    program     static C:\Users\Ferhat\Desktop\örnekler\LCD\Untitled.asm
             _.org_0_002A   0x00002a    program     static C:\Users\Ferhat\Desktop\örnekler\LCD\Untitled.asm
             _.org_0_0062   0x000062    program     static C:\Users\Ferhat\Desktop\örnekler\LCD\Untitled.asm



                              Symbols - Sorted by Address
                     Name    Address   Location    Storage File                     
                ---------  ---------  ---------  --------- ---------                
                     AYAR   0x000001    program     static C:\Users\Ferhat\Desktop\örnekler\LCD\Untitled.asm
                  KONTROL   0x000017    program     static C:\Users\Ferhat\Desktop\örnekler\LCD\Untitled.asm
             _.org_0_001D   0x00001d    program     static C:\Users\Ferhat\Desktop\örnekler\LCD\Untitled.asm
             _.org_0_002A   0x00002a    program     static C:\Users\Ferhat\Desktop\örnekler\LCD\Untitled.asm
                     ESIT   0x000038    program     static C:\Users\Ferhat\Desktop\örnekler\LCD\Untitled.asm
                    KUCUK   0x00003f    program     static C:\Users\Ferhat\Desktop\örnekler\LCD\Untitled.asm
                    BUYUK   0x000046    program     static C:\Users\Ferhat\Desktop\örnekler\LCD\Untitled.asm
                 KOMUTYAZ   0x00004d    program     static C:\Users\Ferhat\Desktop\örnekler\LCD\Untitled.asm
              KARAKTERYAZ   0x000055    program     static C:\Users\Ferhat\Desktop\örnekler\LCD\Untitled.asm
                  GECIKME   0x00005d    program     static C:\Users\Ferhat\Desktop\örnekler\LCD\Untitled.asm
                   GECIK1   0x00005f    program     static C:\Users\Ferhat\Desktop\örnekler\LCD\Untitled.asm
             _.org_0_0062   0x000062    program     static C:\Users\Ferhat\Desktop\örnekler\LCD\Untitled.asm


