MPLINK 4.37, Linker
Linker Map File - Created Fri Nov 02 15:44:30 2018

                                 Section Info
                  Section       Type    Address   Location Size(Bytes)
                ---------  ---------  ---------  ---------  ---------
                   .org_0       code   0x000000    program   0x000000
                   .org_1       code   0x000000    program   0x000002
                   .org_2       code   0x000004    program   0x00003c
.config_2007_DISPLAYDENEME.O       code   0x002007    program   0x000002



                              Program Memory Usage 
                               Start         End      
                           ---------   ---------      
                            0x000000    0x000000      
                            0x000004    0x000021      
                            0x002007    0x002007      
            32 out of 8453 program addresses used, program memory utilization is 0%



                              Symbols - Sorted by Name
                     Name    Address   Location    Storage File                     
                ---------  ---------  ---------  --------- ---------                
                    KESME   0x000004    program     static C:\Users\ramaz\OneDrive\Masaüstü\Mikroislemci Projeler\displaydeneme\displaydeneme.asm
               anaprogram   0x000005    program     static C:\Users\ramaz\OneDrive\Masaüstü\Mikroislemci Projeler\displaydeneme\displaydeneme.asm
                  gecikme   0x00001d    program     static C:\Users\ramaz\OneDrive\Masaüstü\Mikroislemci Projeler\displaydeneme\displaydeneme.asm
                      ilk   0x000012    program     static C:\Users\ramaz\OneDrive\Masaüstü\Mikroislemci Projeler\displaydeneme\displaydeneme.asm



                              Symbols - Sorted by Address
                     Name    Address   Location    Storage File                     
                ---------  ---------  ---------  --------- ---------                
                    KESME   0x000004    program     static C:\Users\ramaz\OneDrive\Masaüstü\Mikroislemci Projeler\displaydeneme\displaydeneme.asm
               anaprogram   0x000005    program     static C:\Users\ramaz\OneDrive\Masaüstü\Mikroislemci Projeler\displaydeneme\displaydeneme.asm
                      ilk   0x000012    program     static C:\Users\ramaz\OneDrive\Masaüstü\Mikroislemci Projeler\displaydeneme\displaydeneme.asm
                  gecikme   0x00001d    program     static C:\Users\ramaz\OneDrive\Masaüstü\Mikroislemci Projeler\displaydeneme\displaydeneme.asm


