MPLINK 4.48, Linker
Linker Map File - Created Sun Jan 20 15:45:15 2019

                                 Section Info
                  Section       Type    Address   Location Size(Bytes)
                ---------  ---------  ---------  ---------  ---------
                   .org_0       code   0x000000    program   0x000002
                   .cinit    romdata   0x000001    program   0x000004
                   .org_1       code   0x000004    program   0x000094
  .config_2007_UNTITLED.O       code   0x002007    program   0x000002



                              Program Memory Usage 
                               Start         End      
                           ---------   ---------      
                            0x000000    0x000002      
                            0x000004    0x00004d      
                            0x002007    0x002007      
            78 out of 8454 program addresses used, program memory utilization is 0%



                              Symbols - Sorted by Name
                     Name    Address   Location    Storage File                     
                ---------  ---------  ---------  --------- ---------                
                     AYAR   0x000005    program     static C:\Users\Ferhat\Desktop\örnekler\Untitled.asm
                    BUYUK   0x00004a    program     static C:\Users\Ferhat\Desktop\örnekler\Untitled.asm
                     ESIT   0x000042    program     static C:\Users\Ferhat\Desktop\örnekler\Untitled.asm
                    KESME   0x00004e    program     static C:\Users\Ferhat\Desktop\örnekler\Untitled.asm
                  KONTROL   0x000015    program     static C:\Users\Ferhat\Desktop\örnekler\Untitled.asm
                    KUCUK   0x000046    program     static C:\Users\Ferhat\Desktop\örnekler\Untitled.asm
             _.org_1_001B   0x00001b    program     static C:\Users\Ferhat\Desktop\örnekler\Untitled.asm
             _.org_1_0028   0x000028    program     static C:\Users\Ferhat\Desktop\örnekler\Untitled.asm



                              Symbols - Sorted by Address
                     Name    Address   Location    Storage File                     
                ---------  ---------  ---------  --------- ---------                
                     AYAR   0x000005    program     static C:\Users\Ferhat\Desktop\örnekler\Untitled.asm
                  KONTROL   0x000015    program     static C:\Users\Ferhat\Desktop\örnekler\Untitled.asm
             _.org_1_001B   0x00001b    program     static C:\Users\Ferhat\Desktop\örnekler\Untitled.asm
             _.org_1_0028   0x000028    program     static C:\Users\Ferhat\Desktop\örnekler\Untitled.asm
                     ESIT   0x000042    program     static C:\Users\Ferhat\Desktop\örnekler\Untitled.asm
                    KUCUK   0x000046    program     static C:\Users\Ferhat\Desktop\örnekler\Untitled.asm
                    BUYUK   0x00004a    program     static C:\Users\Ferhat\Desktop\örnekler\Untitled.asm
                    KESME   0x00004e    program     static C:\Users\Ferhat\Desktop\örnekler\Untitled.asm


