MPLINK 4.37, Linker
Linker Map File - Created Thu Oct 25 22:40:13 2018

                                 Section Info
                  Section       Type    Address   Location Size(Bytes)
                ---------  ---------  ---------  ---------  ---------
                   .org_0       code   0x000000    program   0x000000
                   .org_1       code   0x000000    program   0x000002
                   .org_2       code   0x000004    program   0x000042
    .config_2007_TIMER0.O       code   0x002007    program   0x000002



                              Program Memory Usage 
                               Start         End      
                           ---------   ---------      
                            0x000000    0x000000      
                            0x000004    0x000024      
                            0x002007    0x002007      
            35 out of 8453 program addresses used, program memory utilization is 0%



                              Symbols - Sorted by Name
                     Name    Address   Location    Storage File                     
                ---------  ---------  ---------  --------- ---------                
                    BITIR   0x00000e    program     static C:\Users\ramaz\OneDrive\Masaüstü\Mikroislemci Projeler\Timer0 LEDYAK\timer0.asm
                    KESME   0x000004    program     static C:\Users\ramaz\OneDrive\Masaüstü\Mikroislemci Projeler\Timer0 LEDYAK\timer0.asm
                   SONSUZ   0x000024    program     static C:\Users\ramaz\OneDrive\Masaüstü\Mikroislemci Projeler\Timer0 LEDYAK\timer0.asm
               anaprogram   0x000012    program     static C:\Users\ramaz\OneDrive\Masaüstü\Mikroislemci Projeler\Timer0 LEDYAK\timer0.asm



                              Symbols - Sorted by Address
                     Name    Address   Location    Storage File                     
                ---------  ---------  ---------  --------- ---------                
                    KESME   0x000004    program     static C:\Users\ramaz\OneDrive\Masaüstü\Mikroislemci Projeler\Timer0 LEDYAK\timer0.asm
                    BITIR   0x00000e    program     static C:\Users\ramaz\OneDrive\Masaüstü\Mikroislemci Projeler\Timer0 LEDYAK\timer0.asm
               anaprogram   0x000012    program     static C:\Users\ramaz\OneDrive\Masaüstü\Mikroislemci Projeler\Timer0 LEDYAK\timer0.asm
                   SONSUZ   0x000024    program     static C:\Users\ramaz\OneDrive\Masaüstü\Mikroislemci Projeler\Timer0 LEDYAK\timer0.asm


