MPLINK 4.37, Linker
Linker Map File - Created Mon Nov 19 14:03:32 2018

                                 Section Info
                  Section       Type    Address   Location Size(Bytes)
                ---------  ---------  ---------  ---------  ---------
                   .org_0       code   0x000000    program   0x000000
                   .org_1       code   0x000000    program   0x000002
                   .org_2       code   0x000004    program   0x000052
       .config_2007_ADC.O       code   0x002007    program   0x000002



                              Program Memory Usage 
                               Start         End      
                           ---------   ---------      
                            0x000000    0x000000      
                            0x000004    0x00002c      
                            0x002007    0x002007      
            43 out of 8453 program addresses used, program memory utilization is 0%



                              Symbols - Sorted by Name
                     Name    Address   Location    Storage File                     
                ---------  ---------  ---------  --------- ---------                
                    KESME   0x000004    program     static C:\Users\ramaz\OneDrive\Masaüstü\Mikroislemci Projeler\ADC_hafta4\adc.asm
               KESMEBEKLE   0x00002c    program     static C:\Users\ramaz\OneDrive\Masaüstü\Mikroislemci Projeler\ADC_hafta4\adc.asm
               anaprogram   0x000015    program     static C:\Users\ramaz\OneDrive\Masaüstü\Mikroislemci Projeler\ADC_hafta4\adc.asm



                              Symbols - Sorted by Address
                     Name    Address   Location    Storage File                     
                ---------  ---------  ---------  --------- ---------                
                    KESME   0x000004    program     static C:\Users\ramaz\OneDrive\Masaüstü\Mikroislemci Projeler\ADC_hafta4\adc.asm
               anaprogram   0x000015    program     static C:\Users\ramaz\OneDrive\Masaüstü\Mikroislemci Projeler\ADC_hafta4\adc.asm
               KESMEBEKLE   0x00002c    program     static C:\Users\ramaz\OneDrive\Masaüstü\Mikroislemci Projeler\ADC_hafta4\adc.asm


