MPLINK 4.37, Linker
Linker Map File - Created Sun Jan 06 20:22:57 2019

                                 Section Info
                  Section       Type    Address   Location Size(Bytes)
                ---------  ---------  ---------  ---------  ---------
                   .org_0       code   0x000000    program   0x000000
                   .org_1       code   0x000050    program   0x00007c



                              Program Memory Usage 
                               Start         End      
                           ---------   ---------      
                            0x000050    0x00008d      
            62 out of 8453 program addresses used, program memory utilization is 0%



                              Symbols - Sorted by Name
                     Name    Address   Location    Storage File                     
                ---------  ---------  ---------  --------- ---------                
                        a   0x000058    program     static C:\Users\RAMAZHAN\Desktop\test123\lcd.asm
               anaprogram   0x000050    program     static C:\Users\RAMAZHAN\Desktop\test123\lcd.asm
                  gecikme   0x000089    program     static C:\Users\RAMAZHAN\Desktop\test123\lcd.asm
          karakter_gonder   0x000062    program     static C:\Users\RAMAZHAN\Desktop\test123\lcd.asm
             karakter_yaz   0x000079    program     static C:\Users\RAMAZHAN\Desktop\test123\lcd.asm
             komut_gonder   0x000059    program     static C:\Users\RAMAZHAN\Desktop\test123\lcd.asm
                komut_yaz   0x000069    program     static C:\Users\RAMAZHAN\Desktop\test123\lcd.asm



                              Symbols - Sorted by Address
                     Name    Address   Location    Storage File                     
                ---------  ---------  ---------  --------- ---------                
               anaprogram   0x000050    program     static C:\Users\RAMAZHAN\Desktop\test123\lcd.asm
                        a   0x000058    program     static C:\Users\RAMAZHAN\Desktop\test123\lcd.asm
             komut_gonder   0x000059    program     static C:\Users\RAMAZHAN\Desktop\test123\lcd.asm
          karakter_gonder   0x000062    program     static C:\Users\RAMAZHAN\Desktop\test123\lcd.asm
                komut_yaz   0x000069    program     static C:\Users\RAMAZHAN\Desktop\test123\lcd.asm
             karakter_yaz   0x000079    program     static C:\Users\RAMAZHAN\Desktop\test123\lcd.asm
                  gecikme   0x000089    program     static C:\Users\RAMAZHAN\Desktop\test123\lcd.asm


