MPLINK 4.37, Linker
Linker Map File - Created Sun Jan 06 20:03:54 2019

                                 Section Info
                  Section       Type    Address   Location Size(Bytes)
                ---------  ---------  ---------  ---------  ---------
                   .org_0       code   0x000000    program   0x000002
                   .org_1       code   0x000004    program   0x000038
                   .cinit    romdata   0x001800    program   0x000004



                              Program Memory Usage 
                               Start         End      
                           ---------   ---------      
                            0x000000    0x000000      
                            0x000004    0x00001f      
                            0x001800    0x001801      
            31 out of 8453 program addresses used, program memory utilization is 0%



                              Symbols - Sorted by Name
                     Name    Address   Location    Storage File                     
                ---------  ---------  ---------  --------- ---------                
                        a   0x00001f    program     static C:\Users\RAMAZHAN\Desktop\test123\pvm.asm
               anaprogram   0x000005    program     static C:\Users\RAMAZHAN\Desktop\test123\pvm.asm
                    kesme   0x000004    program     static C:\Users\RAMAZHAN\Desktop\test123\pvm.asm



                              Symbols - Sorted by Address
                     Name    Address   Location    Storage File                     
                ---------  ---------  ---------  --------- ---------                
                    kesme   0x000004    program     static C:\Users\RAMAZHAN\Desktop\test123\pvm.asm
               anaprogram   0x000005    program     static C:\Users\RAMAZHAN\Desktop\test123\pvm.asm
                        a   0x00001f    program     static C:\Users\RAMAZHAN\Desktop\test123\pvm.asm


