MPLINK 4.37, Linker
Linker Map File - Created Sun Jan 06 20:49:53 2019

                                 Section Info
                  Section       Type    Address   Location Size(Bytes)
                ---------  ---------  ---------  ---------  ---------
                   .org_0       code   0x000000    program   0x000002
                   .org_1       code   0x000004    program   0x00004a



                              Program Memory Usage 
                               Start         End      
                           ---------   ---------      
                            0x000000    0x000000      
                            0x000004    0x000028      
            38 out of 8453 program addresses used, program memory utilization is 0%



                              Symbols - Sorted by Name
                     Name    Address   Location    Storage File                     
                ---------  ---------  ---------  --------- ---------                
                        a   0x000018    program     static C:\Users\RAMAZHAN\Desktop\test123\seri.asm
               anaprogram   0x000005    program     static C:\Users\RAMAZHAN\Desktop\test123\seri.asm
                        d   0x000028    program     static C:\Users\RAMAZHAN\Desktop\test123\seri.asm
                    kesme   0x000004    program     static C:\Users\RAMAZHAN\Desktop\test123\seri.asm



                              Symbols - Sorted by Address
                     Name    Address   Location    Storage File                     
                ---------  ---------  ---------  --------- ---------                
                    kesme   0x000004    program     static C:\Users\RAMAZHAN\Desktop\test123\seri.asm
               anaprogram   0x000005    program     static C:\Users\RAMAZHAN\Desktop\test123\seri.asm
                        a   0x000018    program     static C:\Users\RAMAZHAN\Desktop\test123\seri.asm
                        d   0x000028    program     static C:\Users\RAMAZHAN\Desktop\test123\seri.asm


